// Jest Snapshot v1, https://goo.gl/fbAQLP

exports[`release testing snapshot testing for SAVE_RELEASE action 1`] = `<DocumentFragment />`;

exports[`release testing snapshot testing for SAVE_RELEASE_FALURE action 1`] = `<DocumentFragment />`;

exports[`release testing snapshot testing for SAVE_RELEASE_SUCCESS action 1`] = `<DocumentFragment />`;
