// Jest Snapshot v1, https://goo.gl/fbAQLP

exports[`checkResetPasswordLink testing snapshot testing 1`] = `
<DocumentFragment>
  <div
    class="login"
  >
    <div
      class="m-0 row"
    >
      <div
        class="bg-white p-4 mt-7 opacity-9 col-sm-4 offset-sm-7"
      >
        <div
          class="m-0 row"
        >
          <div
            class="pl-0 col-sm-9"
          >
            <h3>
              Forgot Password
            </h3>
          </div>
          <div
            class="col-sm-3"
          >
            <img
              alt="Helixsense Portal"
              class="float-right"
              src="test-file-stub"
              width="120"
            />
          </div>
        </div>
      </div>
    </div>
  </div>
</DocumentFragment>
`;
